!00;
U + 0000.notdef;
!01;
U + 0001.notdef;
!02;
U + 0002.notdef;
!03;
U + 0003.notdef;
!04;
U + 0004.notdef;
!05;
U + 0005.notdef;
!06;
U + 0006.notdef;
!07;
U + 0007.notdef;
!0;
8;
U + 000;
8.;
notdef;
!0;
9;
U + 000;
9.;
notdef;
!0;
A;
U + 000;
A.notdef;
!0;
B;
U + 000;
B.notdef;
!0;
C;
U + 000;
C.notdef;
!0;
D;
U + 000;
D.notdef;
!0;
E;
U + 000;
E.notdef;
!0;
F;
U + 000;
F.notdef;
!10;
U + 0010.notdef;
!11;
U + 0011.notdef;
!12;
U + 0012.notdef;
!13;
U + 0013.notdef;
!14;
U + 0014.notdef;
!15;
U + 0015.notdef;
!16;
U + 0016.notdef;
!17;
U + 0017.notdef;
!18;
U + 001;
8.;
notdef;
!19;
U + 001;
9.;
notdef;
!1;
A;
U + 001;
A.notdef;
!1;
B;
U + 001;
B.notdef;
!1;
C;
U + 001;
C.notdef;
!1;
D;
U + 001;
D.notdef;
!1;
E;
U + 001;
E.notdef;
!1;
F;
U + 001;
F.notdef;
!20;
U + 0020;
space;
!21;
U + 0021;
exclam;
!22;
U + 0022;
quotedbl;
!23;
U + 0023;
numbersign;
!24;
U + 0024;
dollar;
!25;
U + 0025;
percent;
!26;
U + 0026;
ampersand;
!27;
U + 0027;
quotesingle;
!28;
U + 002;
8;
parenleft;
!29;
U + 002;
9;
parenright;
!2;
A;
U + 002;
A;
asterisk;
!2;
B;
U + 002;
B;
plus;
!2;
C;
U + 002;
C;
comma;
!2;
D;
U + 002;
D;
hyphen;
!2;
E;
U + 002;
E;
period;
!2;
F;
U + 002;
F;
slash;
!30;
U + 0030;
zero;
!31;
U + 0031;
one;
!32;
U + 0032;
two;
!33;
U + 0033;
three;
!34;
U + 0034;
four;
!35;
U + 0035;
five;
!36;
U + 0036;
six;
!37;
U + 0037;
seven;
!38;
U + 003;
8;
eight;
!39;
U + 003;
9;
nine;
!3;
A;
U + 003;
A;
colon;
!3;
B;
U + 003;
B;
semicolon;
!3;
C;
U + 003;
C;
less;
!3;
D;
U + 003;
D;
equal;
!3;
E;
U + 003;
E;
greater;
!3;
F;
U + 003;
F;
question;
!40;
U + 0040;
at;
!41;
U + 0041;
A;
!42;
U + 0042;
B;
!43;
U + 0043;
C;
!44;
U + 0044;
D;
!45;
U + 0045;
E;
!46;
U + 0046;
F;
!47;
U + 0047;
G;
!48;
U + 004;
8;
H;
!49;
U + 004;
9;
I;
!4;
A;
U + 004;
A;
J;
!4;
B;
U + 004;
B;
K;
!4;
C;
U + 004;
C;
L;
!4;
D;
U + 004;
D;
M;
!4;
E;
U + 004;
E;
N;
!4;
F;
U + 004;
F;
O;
!50;
U + 0050;
P;
!51;
U + 0051;
Q;
!52;
U + 0052;
R;
!53;
U + 0053;
S;
!54;
U + 0054;
T;
!55;
U + 0055;
U;
!56;
U + 0056;
V;
!57;
U + 0057;
W;
!58;
U + 005;
8;
X;
!59;
U + 005;
9;
Y;
!5;
A;
U + 005;
A;
Z;
!5;
B;
U + 005;
B;
bracketleft;
!5;
C;
U + 005;
C;
backslash;
!5;
D;
U + 005;
D;
bracketright;
!5;
E;
U + 005;
E;
asciicircum;
!5;
F;
U + 005;
F;
underscore;
!60;
U + 0060;
grave;
!61;
U + 0061;
a;
!62;
U + 0062;
b;
!63;
U + 0063;
c;
!64;
U + 0064;
d;
!65;
U + 0065;
e;
!66;
U + 0066;
f;
!67;
U + 0067;
g;
!68;
U + 006;
8;
h;
!69;
U + 006;
9;
i;
!6;
A;
U + 006;
A;
j;
!6;
B;
U + 006;
B;
k;
!6;
C;
U + 006;
C;
l;
!6;
D;
U + 006;
D;
m;
!6;
E;
U + 006;
E;
n;
!6;
F;
U + 006;
F;
o;
!70;
U + 0070;
p;
!71;
U + 0071;
q;
!72;
U + 0072;
r;
!73;
U + 0073;
s;
!74;
U + 0074;
t;
!75;
U + 0075;
u;
!76;
U + 0076;
v;
!77;
U + 0077;
w;
!78;
U + 007;
8;
x;
!79;
U + 007;
9;
y;
!7;
A;
U + 007;
A;
z;
!7;
B;
U + 007;
B;
braceleft;
!7;
C;
U + 007;
C;
bar;
!7;
D;
U + 007;
D;
braceright;
!7;
E;
U + 007;
E;
asciitilde;
!7;
F;
U + 007;
F.notdef;
!80;
U + 20;
AC;
Euro;
!82;
U + 201;
A;
quotesinglbase;
!83;
U + 01;
92;
florin;
!84;
U + 201;
E;
quotedblbase;
!85;
U + 2026;
ellipsis;
!86;
U + 2020;
dagger;
!87;
U + 2021;
daggerdbl;
!88;
U + 02;
C6;
circumflex;
!89;
U + 2030;
perthousand;
!8;
B;
U + 2039;
guilsinglleft;
!91;
U + 2018;
quoteleft;
!92;
U + 2019;
quoteright;
!93;
U + 201;
C;
quotedblleft;
!94;
U + 201;
D;
quotedblright;
!95;
U + 2022;
bullet;
!96;
U + 2013;
endash;
!97;
U + 2014;
emdash;
!98;
U + 02;
DC;
tilde;
!99;
U + 2122;
trademark;
!9;
B;
U + 203;
A;
guilsinglright;
!A0;
U + 00;
A0;
space;
!A1;
U + 00;
A1;
exclamdown;
!A2;
U + 00;
A2;
cent;
!A3;
U + 00;
A3;
sterling;
!A4;
U + 20;
AA;
afii57636;
!A5;
U + 00;
A5;
yen;
!A6;
U + 00;
A6;
brokenbar;
!A7;
U + 00;
A7;
section;
!A8;
U + 00;
A8;
dieresis;
!A9;
U + 00;
A9;
copyright;
!AA;
U + 00;
D7;
multiply;
!AB;
U + 00;
AB;
guillemotleft;
!AC;
U + 00;
AC;
logicalnot;
!AD;
U + 00;
AD;
sfthyphen;
!AE;
U + 00;
AE;
registered;
!AF;
U + 00;
AF;
macron;
!B0;
U + 00;
B0;
degree;
!B1;
U + 00;
B1;
plusminus;
!B2;
U + 00;
B2;
twosuperior;
!B3;
U + 00;
B3;
threesuperior;
!B4;
U + 00;
B4;
acute;
!B5;
U + 00;
B5;
mu;
!B6;
U + 00;
B6;
paragraph;
!B7;
U + 00;
B7;
middot;
!B8;
U + 00;
B8;
cedilla;
!B9;
U + 00;
B9;
onesuperior;
!BA;
U + 00;
F7;
divide;
!BB;
U + 00;
BB;
guillemotright;
!BC;
U + 00;
BC;
onequarter;
!BD;
U + 00;
BD;
onehalf;
!BE;
U + 00;
BE;
threequarters;
!BF;
U + 00;
BF;
questiondown;
!C0;
U + 05;
B0;
afii57799;
!C1;
U + 05;
B1;
afii57801;
!C2;
U + 05;
B2;
afii57800;
!C3;
U + 05;
B3;
afii57802;
!C4;
U + 05;
B4;
afii57793;
!C5;
U + 05;
B5;
afii57794;
!C6;
U + 05;
B6;
afii57795;
!C7;
U + 05;
B7;
afii57798;
!C8;
U + 05;
B8;
afii57797;
!C9;
U + 05;
B9;
afii57806;
!CB;
U + 05;
BB;
afii57796;
!CC;
U + 05;
BC;
afii57807;
!CD;
U + 05;
BD;
afii57839;
!CE;
U + 05;
BE;
afii57645;
!CF;
U + 05;
BF;
afii57841;
!D0;
U + 05;
C0;
afii57842;
!D1;
U + 05;
C1;
afii57804;
!D2;
U + 05;
C2;
afii57803;
!D3;
U + 05;
C3;
afii57658;
!D4;
U + 05;
F0;
afii57716;
!D5;
U + 05;
F1;
afii57717;
!D6;
U + 05;
F2;
afii57718;
!D7;
U + 05;
F3;
gereshhebrew;
!D8;
U + 05;
F4;
gershayimhebrew;
!E0;
U + 05;
D0;
afii57664;
!E1;
U + 05;
D1;
afii57665;
!E2;
U + 05;
D2;
afii57666;
!E3;
U + 05;
D3;
afii57667;
!E4;
U + 05;
D4;
afii57668;
!E5;
U + 05;
D5;
afii57669;
!E6;
U + 05;
D6;
afii57670;
!E7;
U + 05;
D7;
afii57671;
!E8;
U + 05;
D8;
afii57672;
!E9;
U + 05;
D9;
afii57673;
!EA;
U + 05;
DA;
afii57674;
!EB;
U + 05;
DB;
afii57675;
!EC;
U + 05;
DC;
afii57676;
!ED;
U + 05;
DD;
afii57677;
!EE;
U + 05;
DE;
afii57678;
!EF;
U + 05;
DF;
afii57679;
!F0;
U + 05;
E0;
afii57680;
!F1;
U + 05;
E1;
afii57681;
!F2;
U + 05;
E2;
afii57682;
!F3;
U + 05;
E3;
afii57683;
!F4;
U + 05;
E4;
afii57684;
!F5;
U + 05;
E5;
afii57685;
!F6;
U + 05;
E6;
afii57686;
!F7;
U + 05;
E7;
afii57687;
!F8;
U + 05;
E8;
afii57688;
!F9;
U + 05;
E9;
afii57689;
!FA;
U + 05;
EA;
afii57690;
!FD;
U + 200;
E;
afii299;
!FE;
U + 200;
F;
afii300;
