!00;
U + 0000.notdef;
!01;
U + 0001.notdef;
!02;
U + 0002.notdef;
!03;
U + 0003.notdef;
!04;
U + 0004.notdef;
!05;
U + 0005.notdef;
!06;
U + 0006.notdef;
!07;
U + 0007.notdef;
!0;
8;
U + 000;
8.;
notdef;
!0;
9;
U + 000;
9.;
notdef;
!0;
A;
U + 000;
A.notdef;
!0;
B;
U + 000;
B.notdef;
!0;
C;
U + 000;
C.notdef;
!0;
D;
U + 000;
D.notdef;
!0;
E;
U + 000;
E.notdef;
!0;
F;
U + 000;
F.notdef;
!10;
U + 0010.notdef;
!11;
U + 0011.notdef;
!12;
U + 0012.notdef;
!13;
U + 0013.notdef;
!14;
U + 0014.notdef;
!15;
U + 0015.notdef;
!16;
U + 0016.notdef;
!17;
U + 0017.notdef;
!18;
U + 001;
8.;
notdef;
!19;
U + 001;
9.;
notdef;
!1;
A;
U + 001;
A.notdef;
!1;
B;
U + 001;
B.notdef;
!1;
C;
U + 001;
C.notdef;
!1;
D;
U + 001;
D.notdef;
!1;
E;
U + 001;
E.notdef;
!1;
F;
U + 001;
F.notdef;
!20;
U + 0020;
space;
!21;
U + 0021;
exclam;
!22;
U + 0022;
quotedbl;
!23;
U + 0023;
numbersign;
!24;
U + 0024;
dollar;
!25;
U + 0025;
percent;
!26;
U + 0026;
ampersand;
!27;
U + 0027;
quotesingle;
!28;
U + 002;
8;
parenleft;
!29;
U + 002;
9;
parenright;
!2;
A;
U + 002;
A;
asterisk;
!2;
B;
U + 002;
B;
plus;
!2;
C;
U + 002;
C;
comma;
!2;
D;
U + 002;
D;
hyphen;
!2;
E;
U + 002;
E;
period;
!2;
F;
U + 002;
F;
slash;
!30;
U + 0030;
zero;
!31;
U + 0031;
one;
!32;
U + 0032;
two;
!33;
U + 0033;
three;
!34;
U + 0034;
four;
!35;
U + 0035;
five;
!36;
U + 0036;
six;
!37;
U + 0037;
seven;
!38;
U + 003;
8;
eight;
!39;
U + 003;
9;
nine;
!3;
A;
U + 003;
A;
colon;
!3;
B;
U + 003;
B;
semicolon;
!3;
C;
U + 003;
C;
less;
!3;
D;
U + 003;
D;
equal;
!3;
E;
U + 003;
E;
greater;
!3;
F;
U + 003;
F;
question;
!40;
U + 0040;
at;
!41;
U + 0041;
A;
!42;
U + 0042;
B;
!43;
U + 0043;
C;
!44;
U + 0044;
D;
!45;
U + 0045;
E;
!46;
U + 0046;
F;
!47;
U + 0047;
G;
!48;
U + 004;
8;
H;
!49;
U + 004;
9;
I;
!4;
A;
U + 004;
A;
J;
!4;
B;
U + 004;
B;
K;
!4;
C;
U + 004;
C;
L;
!4;
D;
U + 004;
D;
M;
!4;
E;
U + 004;
E;
N;
!4;
F;
U + 004;
F;
O;
!50;
U + 0050;
P;
!51;
U + 0051;
Q;
!52;
U + 0052;
R;
!53;
U + 0053;
S;
!54;
U + 0054;
T;
!55;
U + 0055;
U;
!56;
U + 0056;
V;
!57;
U + 0057;
W;
!58;
U + 005;
8;
X;
!59;
U + 005;
9;
Y;
!5;
A;
U + 005;
A;
Z;
!5;
B;
U + 005;
B;
bracketleft;
!5;
C;
U + 005;
C;
backslash;
!5;
D;
U + 005;
D;
bracketright;
!5;
E;
U + 005;
E;
asciicircum;
!5;
F;
U + 005;
F;
underscore;
!60;
U + 0060;
grave;
!61;
U + 0061;
a;
!62;
U + 0062;
b;
!63;
U + 0063;
c;
!64;
U + 0064;
d;
!65;
U + 0065;
e;
!66;
U + 0066;
f;
!67;
U + 0067;
g;
!68;
U + 006;
8;
h;
!69;
U + 006;
9;
i;
!6;
A;
U + 006;
A;
j;
!6;
B;
U + 006;
B;
k;
!6;
C;
U + 006;
C;
l;
!6;
D;
U + 006;
D;
m;
!6;
E;
U + 006;
E;
n;
!6;
F;
U + 006;
F;
o;
!70;
U + 0070;
p;
!71;
U + 0071;
q;
!72;
U + 0072;
r;
!73;
U + 0073;
s;
!74;
U + 0074;
t;
!75;
U + 0075;
u;
!76;
U + 0076;
v;
!77;
U + 0077;
w;
!78;
U + 007;
8;
x;
!79;
U + 007;
9;
y;
!7;
A;
U + 007;
A;
z;
!7;
B;
U + 007;
B;
braceleft;
!7;
C;
U + 007;
C;
bar;
!7;
D;
U + 007;
D;
braceright;
!7;
E;
U + 007;
E;
asciitilde;
!7;
F;
U + 007;
F.notdef;
!80;
U + 20;
AC;
Euro;
!85;
U + 2026;
ellipsis;
!91;
U + 2018;
quoteleft;
!92;
U + 2019;
quoteright;
!93;
U + 201;
C;
quotedblleft;
!94;
U + 201;
D;
quotedblright;
!95;
U + 2022;
bullet;
!96;
U + 2013;
endash;
!97;
U + 2014;
emdash;
!A0;
U + 00;
A0;
space;
!A1;
U + 0E01;
kokaithai;
!A2;
U + 0E02;
khokhaithai;
!A3;
U + 0E03;
khokhuatthai;
!A4;
U + 0E04;
khokhwaithai;
!A5;
U + 0E05;
khokhonthai;
!A6;
U + 0E06;
khorakhangthai;
!A7;
U + 0E07;
ngonguthai;
!A8;
U + 0E08;
chochanthai;
!A9;
U + 0E09;
chochingthai;
!AA;
U + 0E0;
A;
chochangthai;
!AB;
U + 0E0;
B;
sosothai;
!AC;
U + 0E0;
C;
chochoethai;
!AD;
U + 0E0;
D;
yoyingthai;
!AE;
U + 0E0;
E;
dochadathai;
!AF;
U + 0E0;
F;
topatakthai;
!B0;
U + 0E10;
thothanthai;
!B1;
U + 0E11;
thonangmonthothai;
!B2;
U + 0E12;
thophuthaothai;
!B3;
U + 0E13;
nonenthai;
!B4;
U + 0E14;
dodekthai;
!B5;
U + 0E15;
totaothai;
!B6;
U + 0E16;
thothungthai;
!B7;
U + 0E17;
thothahanthai;
!B8;
U + 0E18;
thothongthai;
!B9;
U + 0E19;
nonuthai;
!BA;
U + 0E1;
A;
bobaimaithai;
!BB;
U + 0E1;
B;
poplathai;
!BC;
U + 0E1;
C;
phophungthai;
!BD;
U + 0E1;
D;
fofathai;
!BE;
U + 0E1;
E;
phophanthai;
!BF;
U + 0E1;
F;
fofanthai;
!C0;
U + 0E20;
phosamphaothai;
!C1;
U + 0E21;
momathai;
!C2;
U + 0E22;
yoyakthai;
!C3;
U + 0E23;
roruathai;
!C4;
U + 0E24;
ruthai;
!C5;
U + 0E25;
lolingthai;
!C6;
U + 0E26;
luthai;
!C7;
U + 0E27;
wowaenthai;
!C8;
U + 0E28;
sosalathai;
!C9;
U + 0E29;
sorusithai;
!CA;
U + 0E2;
A;
sosuathai;
!CB;
U + 0E2;
B;
hohipthai;
!CC;
U + 0E2;
C;
lochulathai;
!CD;
U + 0E2;
D;
oangthai;
!CE;
U + 0E2;
E;
honokhukthai;
!CF;
U + 0E2;
F;
paiyannoithai;
!D0;
U + 0E30;
saraathai;
!D1;
U + 0E31;
maihanakatthai;
!D2;
U + 0E32;
saraaathai;
!D3;
U + 0E33;
saraamthai;
!D4;
U + 0E34;
saraithai;
!D5;
U + 0E35;
saraiithai;
!D6;
U + 0E36;
sarauethai;
!D7;
U + 0E37;
saraueethai;
!D8;
U + 0E38;
sarauthai;
!D9;
U + 0E39;
sarauuthai;
!DA;
U + 0E3;
A;
phinthuthai;
!DF;
U + 0E3;
F;
bahtthai;
!E0;
U + 0E40;
saraethai;
!E1;
U + 0E41;
saraaethai;
!E2;
U + 0E42;
saraothai;
!E3;
U + 0E43;
saraaimaimuanthai;
!E4;
U + 0E44;
saraaimaimalaithai;
!E5;
U + 0E45;
lakkhangyaothai;
!E6;
U + 0E46;
maiyamokthai;
!E7;
U + 0E47;
maitaikhuthai;
!E8;
U + 0E48;
maiekthai;
!E9;
U + 0E49;
maithothai;
!EA;
U + 0E4;
A;
maitrithai;
!EB;
U + 0E4;
B;
maichattawathai;
!EC;
U + 0E4;
C;
thanthakhatthai;
!ED;
U + 0E4;
D;
nikhahitthai;
!EE;
U + 0E4;
E;
yamakkanthai;
!EF;
U + 0E4;
F;
fongmanthai;
!F0;
U + 0E50;
zerothai;
!F1;
U + 0E51;
onethai;
!F2;
U + 0E52;
twothai;
!F3;
U + 0E53;
threethai;
!F4;
U + 0E54;
fourthai;
!F5;
U + 0E55;
fivethai;
!F6;
U + 0E56;
sixthai;
!F7;
U + 0E57;
seventhai;
!F8;
U + 0E58;
eightthai;
!F9;
U + 0E59;
ninethai;
!FA;
U + 0E5;
A;
angkhankhuthai;
!FB;
U + 0E5;
B;
khomutthai;
