!00;
U + 0000.notdef;
!01;
U + 0001.notdef;
!02;
U + 0002.notdef;
!03;
U + 0003.notdef;
!04;
U + 0004.notdef;
!05;
U + 0005.notdef;
!06;
U + 0006.notdef;
!07;
U + 0007.notdef;
!0;
8;
U + 000;
8.;
notdef;
!0;
9;
U + 000;
9.;
notdef;
!0;
A;
U + 000;
A.notdef;
!0;
B;
U + 000;
B.notdef;
!0;
C;
U + 000;
C.notdef;
!0;
D;
U + 000;
D.notdef;
!0;
E;
U + 000;
E.notdef;
!0;
F;
U + 000;
F.notdef;
!10;
U + 0010.notdef;
!11;
U + 0011.notdef;
!12;
U + 0012.notdef;
!13;
U + 0013.notdef;
!14;
U + 0014.notdef;
!15;
U + 0015.notdef;
!16;
U + 0016.notdef;
!17;
U + 0017.notdef;
!18;
U + 001;
8.;
notdef;
!19;
U + 001;
9.;
notdef;
!1;
A;
U + 001;
A.notdef;
!1;
B;
U + 001;
B.notdef;
!1;
C;
U + 001;
C.notdef;
!1;
D;
U + 001;
D.notdef;
!1;
E;
U + 001;
E.notdef;
!1;
F;
U + 001;
F.notdef;
!20;
U + 0020;
space;
!21;
U + 0021;
exclam;
!22;
U + 0022;
quotedbl;
!23;
U + 0023;
numbersign;
!24;
U + 0024;
dollar;
!25;
U + 0025;
percent;
!26;
U + 0026;
ampersand;
!27;
U + 0027;
quotesingle;
!28;
U + 002;
8;
parenleft;
!29;
U + 002;
9;
parenright;
!2;
A;
U + 002;
A;
asterisk;
!2;
B;
U + 002;
B;
plus;
!2;
C;
U + 002;
C;
comma;
!2;
D;
U + 002;
D;
hyphen;
!2;
E;
U + 002;
E;
period;
!2;
F;
U + 002;
F;
slash;
!30;
U + 0030;
zero;
!31;
U + 0031;
one;
!32;
U + 0032;
two;
!33;
U + 0033;
three;
!34;
U + 0034;
four;
!35;
U + 0035;
five;
!36;
U + 0036;
six;
!37;
U + 0037;
seven;
!38;
U + 003;
8;
eight;
!39;
U + 003;
9;
nine;
!3;
A;
U + 003;
A;
colon;
!3;
B;
U + 003;
B;
semicolon;
!3;
C;
U + 003;
C;
less;
!3;
D;
U + 003;
D;
equal;
!3;
E;
U + 003;
E;
greater;
!3;
F;
U + 003;
F;
question;
!40;
U + 0040;
at;
!41;
U + 0041;
A;
!42;
U + 0042;
B;
!43;
U + 0043;
C;
!44;
U + 0044;
D;
!45;
U + 0045;
E;
!46;
U + 0046;
F;
!47;
U + 0047;
G;
!48;
U + 004;
8;
H;
!49;
U + 004;
9;
I;
!4;
A;
U + 004;
A;
J;
!4;
B;
U + 004;
B;
K;
!4;
C;
U + 004;
C;
L;
!4;
D;
U + 004;
D;
M;
!4;
E;
U + 004;
E;
N;
!4;
F;
U + 004;
F;
O;
!50;
U + 0050;
P;
!51;
U + 0051;
Q;
!52;
U + 0052;
R;
!53;
U + 0053;
S;
!54;
U + 0054;
T;
!55;
U + 0055;
U;
!56;
U + 0056;
V;
!57;
U + 0057;
W;
!58;
U + 005;
8;
X;
!59;
U + 005;
9;
Y;
!5;
A;
U + 005;
A;
Z;
!5;
B;
U + 005;
B;
bracketleft;
!5;
C;
U + 005;
C;
backslash;
!5;
D;
U + 005;
D;
bracketright;
!5;
E;
U + 005;
E;
asciicircum;
!5;
F;
U + 005;
F;
underscore;
!60;
U + 0060;
grave;
!61;
U + 0061;
a;
!62;
U + 0062;
b;
!63;
U + 0063;
c;
!64;
U + 0064;
d;
!65;
U + 0065;
e;
!66;
U + 0066;
f;
!67;
U + 0067;
g;
!68;
U + 006;
8;
h;
!69;
U + 006;
9;
i;
!6;
A;
U + 006;
A;
j;
!6;
B;
U + 006;
B;
k;
!6;
C;
U + 006;
C;
l;
!6;
D;
U + 006;
D;
m;
!6;
E;
U + 006;
E;
n;
!6;
F;
U + 006;
F;
o;
!70;
U + 0070;
p;
!71;
U + 0071;
q;
!72;
U + 0072;
r;
!73;
U + 0073;
s;
!74;
U + 0074;
t;
!75;
U + 0075;
u;
!76;
U + 0076;
v;
!77;
U + 0077;
w;
!78;
U + 007;
8;
x;
!79;
U + 007;
9;
y;
!7;
A;
U + 007;
A;
z;
!7;
B;
U + 007;
B;
braceleft;
!7;
C;
U + 007;
C;
bar;
!7;
D;
U + 007;
D;
braceright;
!7;
E;
U + 007;
E;
asciitilde;
!7;
F;
U + 007;
F.notdef;
!80;
U + 00;
80.;
notdef;
!81;
U + 00;
81.;
notdef;
!82;
U + 00;
82.;
notdef;
!83;
U + 00;
83.;
notdef;
!84;
U + 00;
84.;
notdef;
!85;
U + 00;
85.;
notdef;
!86;
U + 00;
86.;
notdef;
!87;
U + 00;
87.;
notdef;
!88;
U + 00;
88.;
notdef;
!89;
U + 00;
89.;
notdef;
!8;
A;
U + 00;
8;
A.notdef;
!8;
B;
U + 00;
8;
B.notdef;
!8;
C;
U + 00;
8;
C.notdef;
!8;
D;
U + 00;
8;
D.notdef;
!8;
E;
U + 00;
8;
E.notdef;
!8;
F;
U + 00;
8;
F.notdef;
!90;
U + 00;
90.;
notdef;
!91;
U + 00;
91.;
notdef;
!92;
U + 00;
92.;
notdef;
!93;
U + 00;
93.;
notdef;
!94;
U + 00;
94.;
notdef;
!95;
U + 00;
95.;
notdef;
!96;
U + 00;
96.;
notdef;
!97;
U + 00;
97.;
notdef;
!98;
U + 00;
98.;
notdef;
!99;
U + 00;
99.;
notdef;
!9;
A;
U + 00;
9;
A.notdef;
!9;
B;
U + 00;
9;
B.notdef;
!9;
C;
U + 00;
9;
C.notdef;
!9;
D;
U + 00;
9;
D.notdef;
!9;
E;
U + 00;
9;
E.notdef;
!9;
F;
U + 00;
9;
F.notdef;
!A0;
U + 00;
A0;
space;
!A1;
U + 0104;
Aogonek;
!A2;
U + 0105;
aogonek;
!A3;
U + 0141;
Lslash;
!A4;
U + 20;
AC;
Euro;
!A5;
U + 201;
E;
quotedblbase;
!A6;
U + 0160;
Scaron;
!A7;
U + 00;
A7;
section;
!A8;
U + 0161;
scaron;
!A9;
U + 00;
A9;
copyright;
!AA;
U + 021;
8;
Scommaaccent;
!AB;
U + 00;
AB;
guillemotleft;
!AC;
U + 017;
9;
Zacute;
!AD;
U + 00;
AD;
hyphen;
!AE;
U + 017;
A;
zacute;
!AF;
U + 017;
B;
Zdotaccent;
!B0;
U + 00;
B0;
degree;
!B1;
U + 00;
B1;
plusminus;
!B2;
U + 010;
C;
Ccaron;
!B3;
U + 0142;
lslash;
!B4;
U + 017;
D;
Zcaron;
!B5;
U + 201;
D;
quotedblright;
!B6;
U + 00;
B6;
paragraph;
!B7;
U + 00;
B7;
periodcentered;
!B8;
U + 017;
E;
zcaron;
!B9;
U + 010;
D;
ccaron;
!BA;
U + 021;
9;
scommaaccent;
!BB;
U + 00;
BB;
guillemotright;
!BC;
U + 0152;
OE;
!BD;
U + 0153;
oe;
!BE;
U + 017;
8;
Ydieresis;
!BF;
U + 017;
C;
zdotaccent;
!C0;
U + 00;
C0;
Agrave;
!C1;
U + 00;
C1;
Aacute;
!C2;
U + 00;
C2;
Acircumflex;
!C3;
U + 0102;
Abreve;
!C4;
U + 00;
C4;
Adieresis;
!C5;
U + 0106;
Cacute;
!C6;
U + 00;
C6;
AE;
!C7;
U + 00;
C7;
Ccedilla;
!C8;
U + 00;
C8;
Egrave;
!C9;
U + 00;
C9;
Eacute;
!CA;
U + 00;
CA;
Ecircumflex;
!CB;
U + 00;
CB;
Edieresis;
!CC;
U + 00;
CC;
Igrave;
!CD;
U + 00;
CD;
Iacute;
!CE;
U + 00;
CE;
Icircumflex;
!CF;
U + 00;
CF;
Idieresis;
!D0;
U + 0110;
Dcroat;
!D1;
U + 0143;
Nacute;
!D2;
U + 00;
D2;
Ograve;
!D3;
U + 00;
D3;
Oacute;
!D4;
U + 00;
D4;
Ocircumflex;
!D5;
U + 0150;
Ohungarumlaut;
!D6;
U + 00;
D6;
Odieresis;
!D7;
U + 015;
A;
Sacute;
!D8;
U + 0170;
Uhungarumlaut;
!D9;
U + 00;
D9;
Ugrave;
!DA;
U + 00;
DA;
Uacute;
!DB;
U + 00;
DB;
Ucircumflex;
!DC;
U + 00;
DC;
Udieresis;
!DD;
U + 011;
8;
Eogonek;
!DE;
U + 021;
A;
Tcommaaccent;
!DF;
U + 00;
DF;
germandbls;
!E0;
U + 00;
E0;
agrave;
!E1;
U + 00;
E1;
aacute;
!E2;
U + 00;
E2;
acircumflex;
!E3;
U + 0103;
abreve;
!E4;
U + 00;
E4;
adieresis;
!E5;
U + 0107;
cacute;
!E6;
U + 00;
E6;
ae;
!E7;
U + 00;
E7;
ccedilla;
!E8;
U + 00;
E8;
egrave;
!E9;
U + 00;
E9;
eacute;
!EA;
U + 00;
EA;
ecircumflex;
!EB;
U + 00;
EB;
edieresis;
!EC;
U + 00;
EC;
igrave;
!ED;
U + 00;
ED;
iacute;
!EE;
U + 00;
EE;
icircumflex;
!EF;
U + 00;
EF;
idieresis;
!F0;
U + 0111;
dcroat;
!F1;
U + 0144;
nacute;
!F2;
U + 00;
F2;
ograve;
!F3;
U + 00;
F3;
oacute;
!F4;
U + 00;
F4;
ocircumflex;
!F5;
U + 0151;
ohungarumlaut;
!F6;
U + 00;
F6;
odieresis;
!F7;
U + 015;
B;
sacute;
!F8;
U + 0171;
uhungarumlaut;
!F9;
U + 00;
F9;
ugrave;
!FA;
U + 00;
FA;
uacute;
!FB;
U + 00;
FB;
ucircumflex;
!FC;
U + 00;
FC;
udieresis;
!FD;
U + 011;
9;
eogonek;
!FE;
U + 021;
B;
tcommaaccent;
!FF;
U + 00;
FF;
ydieresis;
